
--- ERROR at 2026-04-25 00:05:22.583200 ---
Traceback (most recent call last):
  File "/home/andi-liani/virtual/venv/lib/python3.12/site-packages/sqlalchemy/engine/base.py", line 1967, in _exec_single_context
    self.dialect.do_execute(
  File "/home/andi-liani/virtual/venv/lib/python3.12/site-packages/sqlalchemy/engine/default.py", line 952, in do_execute
    cursor.execute(statement, parameters)
sqlite3.OperationalError: no such column: users.store_image_url

The above exception was the direct cause of the following exception:

Traceback (most recent call last):
  File "/home/andi-liani/code/haus2/mobile-vendor-api/app/web_admin.py", line 63, in dashboard
    total_vendors = User.query.filter_by(role='vendor').count()
                    ^^^^^^^^^^^^^^^^^^^^^^^^^^^^^^^^^^^^^^^^^^^
  File "/home/andi-liani/virtual/venv/lib/python3.12/site-packages/sqlalchemy/orm/query.py", line 3153, in count
    self._legacy_from_self(col).enable_eagerloads(False).scalar()
  File "/home/andi-liani/virtual/venv/lib/python3.12/site-packages/sqlalchemy/orm/query.py", line 2842, in scalar
    ret = self.one()
          ^^^^^^^^^^
  File "/home/andi-liani/virtual/venv/lib/python3.12/site-packages/sqlalchemy/orm/query.py", line 2815, in one
    return self._iter().one()  # type: ignore
           ^^^^^^^^^^^^
  File "/home/andi-liani/virtual/venv/lib/python3.12/site-packages/sqlalchemy/orm/query.py", line 2864, in _iter
    result: Union[ScalarResult[_T], Result[_T]] = self.session.execute(
                                                  ^^^^^^^^^^^^^^^^^^^^^
  File "/home/andi-liani/virtual/venv/lib/python3.12/site-packages/sqlalchemy/orm/session.py", line 2351, in execute
    return self._execute_internal(
           ^^^^^^^^^^^^^^^^^^^^^^^
  File "/home/andi-liani/virtual/venv/lib/python3.12/site-packages/sqlalchemy/orm/session.py", line 2249, in _execute_internal
    result: Result[Any] = compile_state_cls.orm_execute_statement(
                          ^^^^^^^^^^^^^^^^^^^^^^^^^^^^^^^^^^^^^^^^
  File "/home/andi-liani/virtual/venv/lib/python3.12/site-packages/sqlalchemy/orm/context.py", line 306, in orm_execute_statement
    result = conn.execute(
             ^^^^^^^^^^^^^
  File "/home/andi-liani/virtual/venv/lib/python3.12/site-packages/sqlalchemy/engine/base.py", line 1419, in execute
    return meth(
           ^^^^^
  File "/home/andi-liani/virtual/venv/lib/python3.12/site-packages/sqlalchemy/sql/elements.py", line 527, in _execute_on_connection
    return connection._execute_clauseelement(
           ^^^^^^^^^^^^^^^^^^^^^^^^^^^^^^^^^^
  File "/home/andi-liani/virtual/venv/lib/python3.12/site-packages/sqlalchemy/engine/base.py", line 1641, in _execute_clauseelement
    ret = self._execute_context(
          ^^^^^^^^^^^^^^^^^^^^^^
  File "/home/andi-liani/virtual/venv/lib/python3.12/site-packages/sqlalchemy/engine/base.py", line 1846, in _execute_context
    return self._exec_single_context(
           ^^^^^^^^^^^^^^^^^^^^^^^^^^
  File "/home/andi-liani/virtual/venv/lib/python3.12/site-packages/sqlalchemy/engine/base.py", line 1986, in _exec_single_context
    self._handle_dbapi_exception(
  File "/home/andi-liani/virtual/venv/lib/python3.12/site-packages/sqlalchemy/engine/base.py", line 2363, in _handle_dbapi_exception
    raise sqlalchemy_exception.with_traceback(exc_info[2]) from e
  File "/home/andi-liani/virtual/venv/lib/python3.12/site-packages/sqlalchemy/engine/base.py", line 1967, in _exec_single_context
    self.dialect.do_execute(
  File "/home/andi-liani/virtual/venv/lib/python3.12/site-packages/sqlalchemy/engine/default.py", line 952, in do_execute
    cursor.execute(statement, parameters)
sqlalchemy.exc.OperationalError: (sqlite3.OperationalError) no such column: users.store_image_url
[SQL: SELECT count(*) AS count_1 
FROM (SELECT users.id AS users_id, users.username AS users_username, users.password_hash AS users_password_hash, users.role AS users_role, users.is_verified AS users_is_verified, users.ktp_image_url AS users_ktp_image_url, users.store_image_url AS users_store_image_url, users.failed_login_attempts AS users_failed_login_attempts, users.locked_until AS users_locked_until, users.latitude AS users_latitude, users.longitude AS users_longitude, users.is_active AS users_is_active, users.fcm_token AS users_fcm_token 
FROM users 
WHERE users.role = ?) AS anon_1]
[parameters: ('vendor',)]
(Background on this error at: https://sqlalche.me/e/20/e3q8)

--- ERROR at 2026-04-25 00:05:26.942039 ---
Traceback (most recent call last):
  File "/home/andi-liani/virtual/venv/lib/python3.12/site-packages/sqlalchemy/engine/base.py", line 1967, in _exec_single_context
    self.dialect.do_execute(
  File "/home/andi-liani/virtual/venv/lib/python3.12/site-packages/sqlalchemy/engine/default.py", line 952, in do_execute
    cursor.execute(statement, parameters)
sqlite3.OperationalError: no such column: users.store_image_url

The above exception was the direct cause of the following exception:

Traceback (most recent call last):
  File "/home/andi-liani/code/haus2/mobile-vendor-api/app/web_admin.py", line 63, in dashboard
    total_vendors = User.query.filter_by(role='vendor').count()
                    ^^^^^^^^^^^^^^^^^^^^^^^^^^^^^^^^^^^^^^^^^^^
  File "/home/andi-liani/virtual/venv/lib/python3.12/site-packages/sqlalchemy/orm/query.py", line 3153, in count
    self._legacy_from_self(col).enable_eagerloads(False).scalar()
  File "/home/andi-liani/virtual/venv/lib/python3.12/site-packages/sqlalchemy/orm/query.py", line 2842, in scalar
    ret = self.one()
          ^^^^^^^^^^
  File "/home/andi-liani/virtual/venv/lib/python3.12/site-packages/sqlalchemy/orm/query.py", line 2815, in one
    return self._iter().one()  # type: ignore
           ^^^^^^^^^^^^
  File "/home/andi-liani/virtual/venv/lib/python3.12/site-packages/sqlalchemy/orm/query.py", line 2864, in _iter
    result: Union[ScalarResult[_T], Result[_T]] = self.session.execute(
                                                  ^^^^^^^^^^^^^^^^^^^^^
  File "/home/andi-liani/virtual/venv/lib/python3.12/site-packages/sqlalchemy/orm/session.py", line 2351, in execute
    return self._execute_internal(
           ^^^^^^^^^^^^^^^^^^^^^^^
  File "/home/andi-liani/virtual/venv/lib/python3.12/site-packages/sqlalchemy/orm/session.py", line 2249, in _execute_internal
    result: Result[Any] = compile_state_cls.orm_execute_statement(
                          ^^^^^^^^^^^^^^^^^^^^^^^^^^^^^^^^^^^^^^^^
  File "/home/andi-liani/virtual/venv/lib/python3.12/site-packages/sqlalchemy/orm/context.py", line 306, in orm_execute_statement
    result = conn.execute(
             ^^^^^^^^^^^^^
  File "/home/andi-liani/virtual/venv/lib/python3.12/site-packages/sqlalchemy/engine/base.py", line 1419, in execute
    return meth(
           ^^^^^
  File "/home/andi-liani/virtual/venv/lib/python3.12/site-packages/sqlalchemy/sql/elements.py", line 527, in _execute_on_connection
    return connection._execute_clauseelement(
           ^^^^^^^^^^^^^^^^^^^^^^^^^^^^^^^^^^
  File "/home/andi-liani/virtual/venv/lib/python3.12/site-packages/sqlalchemy/engine/base.py", line 1641, in _execute_clauseelement
    ret = self._execute_context(
          ^^^^^^^^^^^^^^^^^^^^^^
  File "/home/andi-liani/virtual/venv/lib/python3.12/site-packages/sqlalchemy/engine/base.py", line 1846, in _execute_context
    return self._exec_single_context(
           ^^^^^^^^^^^^^^^^^^^^^^^^^^
  File "/home/andi-liani/virtual/venv/lib/python3.12/site-packages/sqlalchemy/engine/base.py", line 1986, in _exec_single_context
    self._handle_dbapi_exception(
  File "/home/andi-liani/virtual/venv/lib/python3.12/site-packages/sqlalchemy/engine/base.py", line 2363, in _handle_dbapi_exception
    raise sqlalchemy_exception.with_traceback(exc_info[2]) from e
  File "/home/andi-liani/virtual/venv/lib/python3.12/site-packages/sqlalchemy/engine/base.py", line 1967, in _exec_single_context
    self.dialect.do_execute(
  File "/home/andi-liani/virtual/venv/lib/python3.12/site-packages/sqlalchemy/engine/default.py", line 952, in do_execute
    cursor.execute(statement, parameters)
sqlalchemy.exc.OperationalError: (sqlite3.OperationalError) no such column: users.store_image_url
[SQL: SELECT count(*) AS count_1 
FROM (SELECT users.id AS users_id, users.username AS users_username, users.password_hash AS users_password_hash, users.role AS users_role, users.is_verified AS users_is_verified, users.ktp_image_url AS users_ktp_image_url, users.store_image_url AS users_store_image_url, users.failed_login_attempts AS users_failed_login_attempts, users.locked_until AS users_locked_until, users.latitude AS users_latitude, users.longitude AS users_longitude, users.is_active AS users_is_active, users.fcm_token AS users_fcm_token 
FROM users 
WHERE users.role = ?) AS anon_1]
[parameters: ('vendor',)]
(Background on this error at: https://sqlalche.me/e/20/e3q8)

--- ERROR at 2026-04-25 00:08:23.796884 ---
Traceback (most recent call last):
  File "/home/andi-liani/virtual/venv/lib/python3.12/site-packages/sqlalchemy/engine/base.py", line 1967, in _exec_single_context
    self.dialect.do_execute(
  File "/home/andi-liani/virtual/venv/lib/python3.12/site-packages/sqlalchemy/engine/default.py", line 952, in do_execute
    cursor.execute(statement, parameters)
sqlite3.OperationalError: no such column: users.store_image_url

The above exception was the direct cause of the following exception:

Traceback (most recent call last):
  File "/home/andi-liani/code/haus2/mobile-vendor-api/app/web_admin.py", line 63, in dashboard
    total_vendors = User.query.filter_by(role='vendor').count()
                    ^^^^^^^^^^^^^^^^^^^^^^^^^^^^^^^^^^^^^^^^^^^
  File "/home/andi-liani/virtual/venv/lib/python3.12/site-packages/sqlalchemy/orm/query.py", line 3153, in count
    self._legacy_from_self(col).enable_eagerloads(False).scalar()
  File "/home/andi-liani/virtual/venv/lib/python3.12/site-packages/sqlalchemy/orm/query.py", line 2842, in scalar
    ret = self.one()
          ^^^^^^^^^^
  File "/home/andi-liani/virtual/venv/lib/python3.12/site-packages/sqlalchemy/orm/query.py", line 2815, in one
    return self._iter().one()  # type: ignore
           ^^^^^^^^^^^^
  File "/home/andi-liani/virtual/venv/lib/python3.12/site-packages/sqlalchemy/orm/query.py", line 2864, in _iter
    result: Union[ScalarResult[_T], Result[_T]] = self.session.execute(
                                                  ^^^^^^^^^^^^^^^^^^^^^
  File "/home/andi-liani/virtual/venv/lib/python3.12/site-packages/sqlalchemy/orm/session.py", line 2351, in execute
    return self._execute_internal(
           ^^^^^^^^^^^^^^^^^^^^^^^
  File "/home/andi-liani/virtual/venv/lib/python3.12/site-packages/sqlalchemy/orm/session.py", line 2249, in _execute_internal
    result: Result[Any] = compile_state_cls.orm_execute_statement(
                          ^^^^^^^^^^^^^^^^^^^^^^^^^^^^^^^^^^^^^^^^
  File "/home/andi-liani/virtual/venv/lib/python3.12/site-packages/sqlalchemy/orm/context.py", line 306, in orm_execute_statement
    result = conn.execute(
             ^^^^^^^^^^^^^
  File "/home/andi-liani/virtual/venv/lib/python3.12/site-packages/sqlalchemy/engine/base.py", line 1419, in execute
    return meth(
           ^^^^^
  File "/home/andi-liani/virtual/venv/lib/python3.12/site-packages/sqlalchemy/sql/elements.py", line 527, in _execute_on_connection
    return connection._execute_clauseelement(
           ^^^^^^^^^^^^^^^^^^^^^^^^^^^^^^^^^^
  File "/home/andi-liani/virtual/venv/lib/python3.12/site-packages/sqlalchemy/engine/base.py", line 1641, in _execute_clauseelement
    ret = self._execute_context(
          ^^^^^^^^^^^^^^^^^^^^^^
  File "/home/andi-liani/virtual/venv/lib/python3.12/site-packages/sqlalchemy/engine/base.py", line 1846, in _execute_context
    return self._exec_single_context(
           ^^^^^^^^^^^^^^^^^^^^^^^^^^
  File "/home/andi-liani/virtual/venv/lib/python3.12/site-packages/sqlalchemy/engine/base.py", line 1986, in _exec_single_context
    self._handle_dbapi_exception(
  File "/home/andi-liani/virtual/venv/lib/python3.12/site-packages/sqlalchemy/engine/base.py", line 2363, in _handle_dbapi_exception
    raise sqlalchemy_exception.with_traceback(exc_info[2]) from e
  File "/home/andi-liani/virtual/venv/lib/python3.12/site-packages/sqlalchemy/engine/base.py", line 1967, in _exec_single_context
    self.dialect.do_execute(
  File "/home/andi-liani/virtual/venv/lib/python3.12/site-packages/sqlalchemy/engine/default.py", line 952, in do_execute
    cursor.execute(statement, parameters)
sqlalchemy.exc.OperationalError: (sqlite3.OperationalError) no such column: users.store_image_url
[SQL: SELECT count(*) AS count_1 
FROM (SELECT users.id AS users_id, users.username AS users_username, users.password_hash AS users_password_hash, users.role AS users_role, users.is_verified AS users_is_verified, users.ktp_image_url AS users_ktp_image_url, users.store_image_url AS users_store_image_url, users.failed_login_attempts AS users_failed_login_attempts, users.locked_until AS users_locked_until, users.latitude AS users_latitude, users.longitude AS users_longitude, users.is_active AS users_is_active, users.fcm_token AS users_fcm_token 
FROM users 
WHERE users.role = ?) AS anon_1]
[parameters: ('vendor',)]
(Background on this error at: https://sqlalche.me/e/20/e3q8)

--- ERROR at 2026-04-25 00:09:35.692513 ---
Traceback (most recent call last):
  File "/home/andi-liani/virtual/venv/lib/python3.12/site-packages/sqlalchemy/engine/base.py", line 1967, in _exec_single_context
    self.dialect.do_execute(
  File "/home/andi-liani/virtual/venv/lib/python3.12/site-packages/sqlalchemy/engine/default.py", line 952, in do_execute
    cursor.execute(statement, parameters)
sqlite3.OperationalError: no such column: users.store_image_url

The above exception was the direct cause of the following exception:

Traceback (most recent call last):
  File "/home/andi-liani/code/haus2/mobile-vendor-api/app/web_admin.py", line 63, in dashboard
    total_vendors = User.query.filter_by(role='vendor').count()
                    ^^^^^^^^^^^^^^^^^^^^^^^^^^^^^^^^^^^^^^^^^^^
  File "/home/andi-liani/virtual/venv/lib/python3.12/site-packages/sqlalchemy/orm/query.py", line 3153, in count
    self._legacy_from_self(col).enable_eagerloads(False).scalar()
  File "/home/andi-liani/virtual/venv/lib/python3.12/site-packages/sqlalchemy/orm/query.py", line 2842, in scalar
    ret = self.one()
          ^^^^^^^^^^
  File "/home/andi-liani/virtual/venv/lib/python3.12/site-packages/sqlalchemy/orm/query.py", line 2815, in one
    return self._iter().one()  # type: ignore
           ^^^^^^^^^^^^
  File "/home/andi-liani/virtual/venv/lib/python3.12/site-packages/sqlalchemy/orm/query.py", line 2864, in _iter
    result: Union[ScalarResult[_T], Result[_T]] = self.session.execute(
                                                  ^^^^^^^^^^^^^^^^^^^^^
  File "/home/andi-liani/virtual/venv/lib/python3.12/site-packages/sqlalchemy/orm/session.py", line 2351, in execute
    return self._execute_internal(
           ^^^^^^^^^^^^^^^^^^^^^^^
  File "/home/andi-liani/virtual/venv/lib/python3.12/site-packages/sqlalchemy/orm/session.py", line 2249, in _execute_internal
    result: Result[Any] = compile_state_cls.orm_execute_statement(
                          ^^^^^^^^^^^^^^^^^^^^^^^^^^^^^^^^^^^^^^^^
  File "/home/andi-liani/virtual/venv/lib/python3.12/site-packages/sqlalchemy/orm/context.py", line 306, in orm_execute_statement
    result = conn.execute(
             ^^^^^^^^^^^^^
  File "/home/andi-liani/virtual/venv/lib/python3.12/site-packages/sqlalchemy/engine/base.py", line 1419, in execute
    return meth(
           ^^^^^
  File "/home/andi-liani/virtual/venv/lib/python3.12/site-packages/sqlalchemy/sql/elements.py", line 527, in _execute_on_connection
    return connection._execute_clauseelement(
           ^^^^^^^^^^^^^^^^^^^^^^^^^^^^^^^^^^
  File "/home/andi-liani/virtual/venv/lib/python3.12/site-packages/sqlalchemy/engine/base.py", line 1641, in _execute_clauseelement
    ret = self._execute_context(
          ^^^^^^^^^^^^^^^^^^^^^^
  File "/home/andi-liani/virtual/venv/lib/python3.12/site-packages/sqlalchemy/engine/base.py", line 1846, in _execute_context
    return self._exec_single_context(
           ^^^^^^^^^^^^^^^^^^^^^^^^^^
  File "/home/andi-liani/virtual/venv/lib/python3.12/site-packages/sqlalchemy/engine/base.py", line 1986, in _exec_single_context
    self._handle_dbapi_exception(
  File "/home/andi-liani/virtual/venv/lib/python3.12/site-packages/sqlalchemy/engine/base.py", line 2363, in _handle_dbapi_exception
    raise sqlalchemy_exception.with_traceback(exc_info[2]) from e
  File "/home/andi-liani/virtual/venv/lib/python3.12/site-packages/sqlalchemy/engine/base.py", line 1967, in _exec_single_context
    self.dialect.do_execute(
  File "/home/andi-liani/virtual/venv/lib/python3.12/site-packages/sqlalchemy/engine/default.py", line 952, in do_execute
    cursor.execute(statement, parameters)
sqlalchemy.exc.OperationalError: (sqlite3.OperationalError) no such column: users.store_image_url
[SQL: SELECT count(*) AS count_1 
FROM (SELECT users.id AS users_id, users.username AS users_username, users.password_hash AS users_password_hash, users.role AS users_role, users.is_verified AS users_is_verified, users.ktp_image_url AS users_ktp_image_url, users.store_image_url AS users_store_image_url, users.failed_login_attempts AS users_failed_login_attempts, users.locked_until AS users_locked_until, users.latitude AS users_latitude, users.longitude AS users_longitude, users.is_active AS users_is_active, users.fcm_token AS users_fcm_token 
FROM users 
WHERE users.role = ?) AS anon_1]
[parameters: ('vendor',)]
(Background on this error at: https://sqlalche.me/e/20/e3q8)

--- ERROR at 2026-04-25 00:09:37.452006 ---
Traceback (most recent call last):
  File "/home/andi-liani/virtual/venv/lib/python3.12/site-packages/sqlalchemy/engine/base.py", line 1967, in _exec_single_context
    self.dialect.do_execute(
  File "/home/andi-liani/virtual/venv/lib/python3.12/site-packages/sqlalchemy/engine/default.py", line 952, in do_execute
    cursor.execute(statement, parameters)
sqlite3.OperationalError: no such column: users.store_image_url

The above exception was the direct cause of the following exception:

Traceback (most recent call last):
  File "/home/andi-liani/code/haus2/mobile-vendor-api/app/web_admin.py", line 63, in dashboard
    total_vendors = User.query.filter_by(role='vendor').count()
                    ^^^^^^^^^^^^^^^^^^^^^^^^^^^^^^^^^^^^^^^^^^^
  File "/home/andi-liani/virtual/venv/lib/python3.12/site-packages/sqlalchemy/orm/query.py", line 3153, in count
    self._legacy_from_self(col).enable_eagerloads(False).scalar()
  File "/home/andi-liani/virtual/venv/lib/python3.12/site-packages/sqlalchemy/orm/query.py", line 2842, in scalar
    ret = self.one()
          ^^^^^^^^^^
  File "/home/andi-liani/virtual/venv/lib/python3.12/site-packages/sqlalchemy/orm/query.py", line 2815, in one
    return self._iter().one()  # type: ignore
           ^^^^^^^^^^^^
  File "/home/andi-liani/virtual/venv/lib/python3.12/site-packages/sqlalchemy/orm/query.py", line 2864, in _iter
    result: Union[ScalarResult[_T], Result[_T]] = self.session.execute(
                                                  ^^^^^^^^^^^^^^^^^^^^^
  File "/home/andi-liani/virtual/venv/lib/python3.12/site-packages/sqlalchemy/orm/session.py", line 2351, in execute
    return self._execute_internal(
           ^^^^^^^^^^^^^^^^^^^^^^^
  File "/home/andi-liani/virtual/venv/lib/python3.12/site-packages/sqlalchemy/orm/session.py", line 2249, in _execute_internal
    result: Result[Any] = compile_state_cls.orm_execute_statement(
                          ^^^^^^^^^^^^^^^^^^^^^^^^^^^^^^^^^^^^^^^^
  File "/home/andi-liani/virtual/venv/lib/python3.12/site-packages/sqlalchemy/orm/context.py", line 306, in orm_execute_statement
    result = conn.execute(
             ^^^^^^^^^^^^^
  File "/home/andi-liani/virtual/venv/lib/python3.12/site-packages/sqlalchemy/engine/base.py", line 1419, in execute
    return meth(
           ^^^^^
  File "/home/andi-liani/virtual/venv/lib/python3.12/site-packages/sqlalchemy/sql/elements.py", line 527, in _execute_on_connection
    return connection._execute_clauseelement(
           ^^^^^^^^^^^^^^^^^^^^^^^^^^^^^^^^^^
  File "/home/andi-liani/virtual/venv/lib/python3.12/site-packages/sqlalchemy/engine/base.py", line 1641, in _execute_clauseelement
    ret = self._execute_context(
          ^^^^^^^^^^^^^^^^^^^^^^
  File "/home/andi-liani/virtual/venv/lib/python3.12/site-packages/sqlalchemy/engine/base.py", line 1846, in _execute_context
    return self._exec_single_context(
           ^^^^^^^^^^^^^^^^^^^^^^^^^^
  File "/home/andi-liani/virtual/venv/lib/python3.12/site-packages/sqlalchemy/engine/base.py", line 1986, in _exec_single_context
    self._handle_dbapi_exception(
  File "/home/andi-liani/virtual/venv/lib/python3.12/site-packages/sqlalchemy/engine/base.py", line 2363, in _handle_dbapi_exception
    raise sqlalchemy_exception.with_traceback(exc_info[2]) from e
  File "/home/andi-liani/virtual/venv/lib/python3.12/site-packages/sqlalchemy/engine/base.py", line 1967, in _exec_single_context
    self.dialect.do_execute(
  File "/home/andi-liani/virtual/venv/lib/python3.12/site-packages/sqlalchemy/engine/default.py", line 952, in do_execute
    cursor.execute(statement, parameters)
sqlalchemy.exc.OperationalError: (sqlite3.OperationalError) no such column: users.store_image_url
[SQL: SELECT count(*) AS count_1 
FROM (SELECT users.id AS users_id, users.username AS users_username, users.password_hash AS users_password_hash, users.role AS users_role, users.is_verified AS users_is_verified, users.ktp_image_url AS users_ktp_image_url, users.store_image_url AS users_store_image_url, users.failed_login_attempts AS users_failed_login_attempts, users.locked_until AS users_locked_until, users.latitude AS users_latitude, users.longitude AS users_longitude, users.is_active AS users_is_active, users.fcm_token AS users_fcm_token 
FROM users 
WHERE users.role = ?) AS anon_1]
[parameters: ('vendor',)]
(Background on this error at: https://sqlalche.me/e/20/e3q8)
